// Jest Snapshot v1, https://goo.gl/fbAQLP

exports[`<Vote /> renders correctly 1`] = `
ShallowWrapper {
  Symbol(enzyme.__root__): [Circular],
  Symbol(enzyme.__unrendered__): <Unknown
    bottomCopy="Cast your vote now"
    cards={
      Array [
        Object {
          "fName": "Deontay",
          "id": "wilder",
          "imageDesktop": "https://www.thesun.co.uk/wp-content/uploads/2018/08/WILDER@2x.jpg",
          "imageMobile": "https://www.thesun.co.uk/wp-content/uploads/2018/08/wilder-mob@2x.jpg",
          "imageThumb": "https://www.thesun.co.uk/wp-content/uploads/2018/08/thumbnail-wilder@2x.jpg",
          "sName": "Wilder",
        },
        Object {
          "fName": "Dillian",
          "id": "whyte",
          "imageDesktop": "https://www.thesun.co.uk/wp-content/uploads/2018/08/WHYTE@2x.jpg",
          "imageMobile": "https://www.thesun.co.uk/wp-content/uploads/2018/08/whyte-mob@2x.jpg",
          "imageThumb": "https://www.thesun.co.uk/wp-content/uploads/2018/08/thumbnail-whyte@2x.jpg",
          "sName": "Whyte",
        },
        Object {
          "fName": "Tyson",
          "id": "fury",
          "imageDesktop": "https://www.thesun.co.uk/wp-content/uploads/2018/08/FURY@2x.jpg",
          "imageMobile": "https://www.thesun.co.uk/wp-content/uploads/2018/08/fury-mob@2x.jpg",
          "imageThumb": "https://www.thesun.co.uk/wp-content/uploads/2018/08/thumbnail-fury@2x.jpg",
          "sName": "Fury",
        },
      ]
    }
    className="youCantBuy"
    clickVote={[Function]}
    headline="Its time to decide"
    imageDesktop="https://www.thesun.co.uk/wp-content/uploads/2018/08/FURY@2x.jpg"
    imageMobile="https://www.thesun.co.uk/wp-content/uploads/2018/08/fury-mob@2x.jpg"
    subHeadline="Would should Jamie fight next?"
    theme={
      Object {
        "primary": "#ffffff",
        "secondary": "#000000",
      }
    }
  />,
  Symbol(enzyme.__renderer__): Object {
    "batchedUpdates": [Function],
    "getNode": [Function],
    "render": [Function],
    "simulateError": [Function],
    "simulateEvent": [Function],
    "unmount": [Function],
  },
  Symbol(enzyme.__node__): Object {
    "instance": null,
    "key": undefined,
    "nodeType": "class",
    "props": Object {
      "children": <glamorous(section)>
        <glamorous(div)>
          <glamorous(a)
            colour="#ffffff"
            hoverBackgroundColour="#000000"
            onClick={[Function]}
          >
            <glamorous(div)>
              <glamorous(img)
                src="https://www.thesun.co.uk/wp-content/uploads/2018/08/thumbnail-wilder@2x.jpg"
              />
            </glamorous(div)>
            <glamorous(div)
              colour="#000000"
            >
              Deontay Wilder
            </glamorous(div)>
          </glamorous(a)>
          <glamorous(a)
            colour="#ffffff"
            hoverBackgroundColour="#000000"
            onClick={[Function]}
          >
            <glamorous(div)>
              <glamorous(img)
                src="https://www.thesun.co.uk/wp-content/uploads/2018/08/thumbnail-whyte@2x.jpg"
              />
            </glamorous(div)>
            <glamorous(div)
              colour="#000000"
            >
              Dillian Whyte
            </glamorous(div)>
          </glamorous(a)>
          <glamorous(a)
            colour="#ffffff"
            hoverBackgroundColour="#000000"
            onClick={[Function]}
          >
            <glamorous(div)>
              <glamorous(img)
                src="https://www.thesun.co.uk/wp-content/uploads/2018/08/thumbnail-fury@2x.jpg"
              />
            </glamorous(div)>
            <glamorous(div)
              colour="#000000"
            >
              Tyson Fury
            </glamorous(div)>
          </glamorous(a)>
        </glamorous(div)>
      </glamorous(section)>,
      "imageDesktop": "https://www.thesun.co.uk/wp-content/uploads/2018/08/FURY@2x.jpg",
      "imageMobile": "https://www.thesun.co.uk/wp-content/uploads/2018/08/fury-mob@2x.jpg",
    },
    "ref": null,
    "rendered": Object {
      "instance": null,
      "key": undefined,
      "nodeType": "class",
      "props": Object {
        "children": <glamorous(div)>
          <glamorous(a)
            colour="#ffffff"
            hoverBackgroundColour="#000000"
            onClick={[Function]}
          >
            <glamorous(div)>
              <glamorous(img)
                src="https://www.thesun.co.uk/wp-content/uploads/2018/08/thumbnail-wilder@2x.jpg"
              />
            </glamorous(div)>
            <glamorous(div)
              colour="#000000"
            >
              Deontay Wilder
            </glamorous(div)>
          </glamorous(a)>
          <glamorous(a)
            colour="#ffffff"
            hoverBackgroundColour="#000000"
            onClick={[Function]}
          >
            <glamorous(div)>
              <glamorous(img)
                src="https://www.thesun.co.uk/wp-content/uploads/2018/08/thumbnail-whyte@2x.jpg"
              />
            </glamorous(div)>
            <glamorous(div)
              colour="#000000"
            >
              Dillian Whyte
            </glamorous(div)>
          </glamorous(a)>
          <glamorous(a)
            colour="#ffffff"
            hoverBackgroundColour="#000000"
            onClick={[Function]}
          >
            <glamorous(div)>
              <glamorous(img)
                src="https://www.thesun.co.uk/wp-content/uploads/2018/08/thumbnail-fury@2x.jpg"
              />
            </glamorous(div)>
            <glamorous(div)
              colour="#000000"
            >
              Tyson Fury
            </glamorous(div)>
          </glamorous(a)>
        </glamorous(div)>,
      },
      "ref": null,
      "rendered": Object {
        "instance": null,
        "key": undefined,
        "nodeType": "class",
        "props": Object {
          "children": Array [
            <glamorous(a)
              colour="#ffffff"
              hoverBackgroundColour="#000000"
              onClick={[Function]}
            >
              <glamorous(div)>
                <glamorous(img)
                  src="https://www.thesun.co.uk/wp-content/uploads/2018/08/thumbnail-wilder@2x.jpg"
                />
              </glamorous(div)>
              <glamorous(div)
                colour="#000000"
              >
                Deontay Wilder
              </glamorous(div)>
            </glamorous(a)>,
            <glamorous(a)
              colour="#ffffff"
              hoverBackgroundColour="#000000"
              onClick={[Function]}
            >
              <glamorous(div)>
                <glamorous(img)
                  src="https://www.thesun.co.uk/wp-content/uploads/2018/08/thumbnail-whyte@2x.jpg"
                />
              </glamorous(div)>
              <glamorous(div)
                colour="#000000"
              >
                Dillian Whyte
              </glamorous(div)>
            </glamorous(a)>,
            <glamorous(a)
              colour="#ffffff"
              hoverBackgroundColour="#000000"
              onClick={[Function]}
            >
              <glamorous(div)>
                <glamorous(img)
                  src="https://www.thesun.co.uk/wp-content/uploads/2018/08/thumbnail-fury@2x.jpg"
                />
              </glamorous(div)>
              <glamorous(div)
                colour="#000000"
              >
                Tyson Fury
              </glamorous(div)>
            </glamorous(a)>,
          ],
        },
        "ref": null,
        "rendered": Array [
          Object {
            "instance": null,
            "key": "Wilder",
            "nodeType": "class",
            "props": Object {
              "children": Array [
                <glamorous(div)>
                  <glamorous(img)
                    src="https://www.thesun.co.uk/wp-content/uploads/2018/08/thumbnail-wilder@2x.jpg"
                  />
                </glamorous(div)>,
                <glamorous(div)
                  colour="#000000"
                >
                  Deontay Wilder
                </glamorous(div)>,
              ],
              "colour": "#ffffff",
              "hoverBackgroundColour": "#000000",
              "onClick": [Function],
            },
            "ref": null,
            "rendered": Array [
              Object {
                "instance": null,
                "key": undefined,
                "nodeType": "class",
                "props": Object {
                  "children": <glamorous(img)
                    src="https://www.thesun.co.uk/wp-content/uploads/2018/08/thumbnail-wilder@2x.jpg"
                  />,
                },
                "ref": null,
                "rendered": Object {
                  "instance": null,
                  "key": undefined,
                  "nodeType": "class",
                  "props": Object {
                    "src": "https://www.thesun.co.uk/wp-content/uploads/2018/08/thumbnail-wilder@2x.jpg",
                  },
                  "ref": null,
                  "rendered": null,
                  "type": [Function],
                },
                "type": [Function],
              },
              Object {
                "instance": null,
                "key": undefined,
                "nodeType": "class",
                "props": Object {
                  "children": "Deontay Wilder",
                  "colour": "#000000",
                },
                "ref": null,
                "rendered": "Deontay Wilder",
                "type": [Function],
              },
            ],
            "type": [Function],
          },
          Object {
            "instance": null,
            "key": "Whyte",
            "nodeType": "class",
            "props": Object {
              "children": Array [
                <glamorous(div)>
                  <glamorous(img)
                    src="https://www.thesun.co.uk/wp-content/uploads/2018/08/thumbnail-whyte@2x.jpg"
                  />
                </glamorous(div)>,
                <glamorous(div)
                  colour="#000000"
                >
                  Dillian Whyte
                </glamorous(div)>,
              ],
              "colour": "#ffffff",
              "hoverBackgroundColour": "#000000",
              "onClick": [Function],
            },
            "ref": null,
            "rendered": Array [
              Object {
                "instance": null,
                "key": undefined,
                "nodeType": "class",
                "props": Object {
                  "children": <glamorous(img)
                    src="https://www.thesun.co.uk/wp-content/uploads/2018/08/thumbnail-whyte@2x.jpg"
                  />,
                },
                "ref": null,
                "rendered": Object {
                  "instance": null,
                  "key": undefined,
                  "nodeType": "class",
                  "props": Object {
                    "src": "https://www.thesun.co.uk/wp-content/uploads/2018/08/thumbnail-whyte@2x.jpg",
                  },
                  "ref": null,
                  "rendered": null,
                  "type": [Function],
                },
                "type": [Function],
              },
              Object {
                "instance": null,
                "key": undefined,
                "nodeType": "class",
                "props": Object {
                  "children": "Dillian Whyte",
                  "colour": "#000000",
                },
                "ref": null,
                "rendered": "Dillian Whyte",
                "type": [Function],
              },
            ],
            "type": [Function],
          },
          Object {
            "instance": null,
            "key": "Fury",
            "nodeType": "class",
            "props": Object {
              "children": Array [
                <glamorous(div)>
                  <glamorous(img)
                    src="https://www.thesun.co.uk/wp-content/uploads/2018/08/thumbnail-fury@2x.jpg"
                  />
                </glamorous(div)>,
                <glamorous(div)
                  colour="#000000"
                >
                  Tyson Fury
                </glamorous(div)>,
              ],
              "colour": "#ffffff",
              "hoverBackgroundColour": "#000000",
              "onClick": [Function],
            },
            "ref": null,
            "rendered": Array [
              Object {
                "instance": null,
                "key": undefined,
                "nodeType": "class",
                "props": Object {
                  "children": <glamorous(img)
                    src="https://www.thesun.co.uk/wp-content/uploads/2018/08/thumbnail-fury@2x.jpg"
                  />,
                },
                "ref": null,
                "rendered": Object {
                  "instance": null,
                  "key": undefined,
                  "nodeType": "class",
                  "props": Object {
                    "src": "https://www.thesun.co.uk/wp-content/uploads/2018/08/thumbnail-fury@2x.jpg",
                  },
                  "ref": null,
                  "rendered": null,
                  "type": [Function],
                },
                "type": [Function],
              },
              Object {
                "instance": null,
                "key": undefined,
                "nodeType": "class",
                "props": Object {
                  "children": "Tyson Fury",
                  "colour": "#000000",
                },
                "ref": null,
                "rendered": "Tyson Fury",
                "type": [Function],
              },
            ],
            "type": [Function],
          },
        ],
        "type": [Function],
      },
      "type": [Function],
    },
    "type": [Function],
  },
  Symbol(enzyme.__nodes__): Array [
    Object {
      "instance": null,
      "key": undefined,
      "nodeType": "class",
      "props": Object {
        "children": <glamorous(section)>
          <glamorous(div)>
            <glamorous(a)
              colour="#ffffff"
              hoverBackgroundColour="#000000"
              onClick={[Function]}
            >
              <glamorous(div)>
                <glamorous(img)
                  src="https://www.thesun.co.uk/wp-content/uploads/2018/08/thumbnail-wilder@2x.jpg"
                />
              </glamorous(div)>
              <glamorous(div)
                colour="#000000"
              >
                Deontay Wilder
              </glamorous(div)>
            </glamorous(a)>
            <glamorous(a)
              colour="#ffffff"
              hoverBackgroundColour="#000000"
              onClick={[Function]}
            >
              <glamorous(div)>
                <glamorous(img)
                  src="https://www.thesun.co.uk/wp-content/uploads/2018/08/thumbnail-whyte@2x.jpg"
                />
              </glamorous(div)>
              <glamorous(div)
                colour="#000000"
              >
                Dillian Whyte
              </glamorous(div)>
            </glamorous(a)>
            <glamorous(a)
              colour="#ffffff"
              hoverBackgroundColour="#000000"
              onClick={[Function]}
            >
              <glamorous(div)>
                <glamorous(img)
                  src="https://www.thesun.co.uk/wp-content/uploads/2018/08/thumbnail-fury@2x.jpg"
                />
              </glamorous(div)>
              <glamorous(div)
                colour="#000000"
              >
                Tyson Fury
              </glamorous(div)>
            </glamorous(a)>
          </glamorous(div)>
        </glamorous(section)>,
        "imageDesktop": "https://www.thesun.co.uk/wp-content/uploads/2018/08/FURY@2x.jpg",
        "imageMobile": "https://www.thesun.co.uk/wp-content/uploads/2018/08/fury-mob@2x.jpg",
      },
      "ref": null,
      "rendered": Object {
        "instance": null,
        "key": undefined,
        "nodeType": "class",
        "props": Object {
          "children": <glamorous(div)>
            <glamorous(a)
              colour="#ffffff"
              hoverBackgroundColour="#000000"
              onClick={[Function]}
            >
              <glamorous(div)>
                <glamorous(img)
                  src="https://www.thesun.co.uk/wp-content/uploads/2018/08/thumbnail-wilder@2x.jpg"
                />
              </glamorous(div)>
              <glamorous(div)
                colour="#000000"
              >
                Deontay Wilder
              </glamorous(div)>
            </glamorous(a)>
            <glamorous(a)
              colour="#ffffff"
              hoverBackgroundColour="#000000"
              onClick={[Function]}
            >
              <glamorous(div)>
                <glamorous(img)
                  src="https://www.thesun.co.uk/wp-content/uploads/2018/08/thumbnail-whyte@2x.jpg"
                />
              </glamorous(div)>
              <glamorous(div)
                colour="#000000"
              >
                Dillian Whyte
              </glamorous(div)>
            </glamorous(a)>
            <glamorous(a)
              colour="#ffffff"
              hoverBackgroundColour="#000000"
              onClick={[Function]}
            >
              <glamorous(div)>
                <glamorous(img)
                  src="https://www.thesun.co.uk/wp-content/uploads/2018/08/thumbnail-fury@2x.jpg"
                />
              </glamorous(div)>
              <glamorous(div)
                colour="#000000"
              >
                Tyson Fury
              </glamorous(div)>
            </glamorous(a)>
          </glamorous(div)>,
        },
        "ref": null,
        "rendered": Object {
          "instance": null,
          "key": undefined,
          "nodeType": "class",
          "props": Object {
            "children": Array [
              <glamorous(a)
                colour="#ffffff"
                hoverBackgroundColour="#000000"
                onClick={[Function]}
              >
                <glamorous(div)>
                  <glamorous(img)
                    src="https://www.thesun.co.uk/wp-content/uploads/2018/08/thumbnail-wilder@2x.jpg"
                  />
                </glamorous(div)>
                <glamorous(div)
                  colour="#000000"
                >
                  Deontay Wilder
                </glamorous(div)>
              </glamorous(a)>,
              <glamorous(a)
                colour="#ffffff"
                hoverBackgroundColour="#000000"
                onClick={[Function]}
              >
                <glamorous(div)>
                  <glamorous(img)
                    src="https://www.thesun.co.uk/wp-content/uploads/2018/08/thumbnail-whyte@2x.jpg"
                  />
                </glamorous(div)>
                <glamorous(div)
                  colour="#000000"
                >
                  Dillian Whyte
                </glamorous(div)>
              </glamorous(a)>,
              <glamorous(a)
                colour="#ffffff"
                hoverBackgroundColour="#000000"
                onClick={[Function]}
              >
                <glamorous(div)>
                  <glamorous(img)
                    src="https://www.thesun.co.uk/wp-content/uploads/2018/08/thumbnail-fury@2x.jpg"
                  />
                </glamorous(div)>
                <glamorous(div)
                  colour="#000000"
                >
                  Tyson Fury
                </glamorous(div)>
              </glamorous(a)>,
            ],
          },
          "ref": null,
          "rendered": Array [
            Object {
              "instance": null,
              "key": "Wilder",
              "nodeType": "class",
              "props": Object {
                "children": Array [
                  <glamorous(div)>
                    <glamorous(img)
                      src="https://www.thesun.co.uk/wp-content/uploads/2018/08/thumbnail-wilder@2x.jpg"
                    />
                  </glamorous(div)>,
                  <glamorous(div)
                    colour="#000000"
                  >
                    Deontay Wilder
                  </glamorous(div)>,
                ],
                "colour": "#ffffff",
                "hoverBackgroundColour": "#000000",
                "onClick": [Function],
              },
              "ref": null,
              "rendered": Array [
                Object {
                  "instance": null,
                  "key": undefined,
                  "nodeType": "class",
                  "props": Object {
                    "children": <glamorous(img)
                      src="https://www.thesun.co.uk/wp-content/uploads/2018/08/thumbnail-wilder@2x.jpg"
                    />,
                  },
                  "ref": null,
                  "rendered": Object {
                    "instance": null,
                    "key": undefined,
                    "nodeType": "class",
                    "props": Object {
                      "src": "https://www.thesun.co.uk/wp-content/uploads/2018/08/thumbnail-wilder@2x.jpg",
                    },
                    "ref": null,
                    "rendered": null,
                    "type": [Function],
                  },
                  "type": [Function],
                },
                Object {
                  "instance": null,
                  "key": undefined,
                  "nodeType": "class",
                  "props": Object {
                    "children": "Deontay Wilder",
                    "colour": "#000000",
                  },
                  "ref": null,
                  "rendered": "Deontay Wilder",
                  "type": [Function],
                },
              ],
              "type": [Function],
            },
            Object {
              "instance": null,
              "key": "Whyte",
              "nodeType": "class",
              "props": Object {
                "children": Array [
                  <glamorous(div)>
                    <glamorous(img)
                      src="https://www.thesun.co.uk/wp-content/uploads/2018/08/thumbnail-whyte@2x.jpg"
                    />
                  </glamorous(div)>,
                  <glamorous(div)
                    colour="#000000"
                  >
                    Dillian Whyte
                  </glamorous(div)>,
                ],
                "colour": "#ffffff",
                "hoverBackgroundColour": "#000000",
                "onClick": [Function],
              },
              "ref": null,
              "rendered": Array [
                Object {
                  "instance": null,
                  "key": undefined,
                  "nodeType": "class",
                  "props": Object {
                    "children": <glamorous(img)
                      src="https://www.thesun.co.uk/wp-content/uploads/2018/08/thumbnail-whyte@2x.jpg"
                    />,
                  },
                  "ref": null,
                  "rendered": Object {
                    "instance": null,
                    "key": undefined,
                    "nodeType": "class",
                    "props": Object {
                      "src": "https://www.thesun.co.uk/wp-content/uploads/2018/08/thumbnail-whyte@2x.jpg",
                    },
                    "ref": null,
                    "rendered": null,
                    "type": [Function],
                  },
                  "type": [Function],
                },
                Object {
                  "instance": null,
                  "key": undefined,
                  "nodeType": "class",
                  "props": Object {
                    "children": "Dillian Whyte",
                    "colour": "#000000",
                  },
                  "ref": null,
                  "rendered": "Dillian Whyte",
                  "type": [Function],
                },
              ],
              "type": [Function],
            },
            Object {
              "instance": null,
              "key": "Fury",
              "nodeType": "class",
              "props": Object {
                "children": Array [
                  <glamorous(div)>
                    <glamorous(img)
                      src="https://www.thesun.co.uk/wp-content/uploads/2018/08/thumbnail-fury@2x.jpg"
                    />
                  </glamorous(div)>,
                  <glamorous(div)
                    colour="#000000"
                  >
                    Tyson Fury
                  </glamorous(div)>,
                ],
                "colour": "#ffffff",
                "hoverBackgroundColour": "#000000",
                "onClick": [Function],
              },
              "ref": null,
              "rendered": Array [
                Object {
                  "instance": null,
                  "key": undefined,
                  "nodeType": "class",
                  "props": Object {
                    "children": <glamorous(img)
                      src="https://www.thesun.co.uk/wp-content/uploads/2018/08/thumbnail-fury@2x.jpg"
                    />,
                  },
                  "ref": null,
                  "rendered": Object {
                    "instance": null,
                    "key": undefined,
                    "nodeType": "class",
                    "props": Object {
                      "src": "https://www.thesun.co.uk/wp-content/uploads/2018/08/thumbnail-fury@2x.jpg",
                    },
                    "ref": null,
                    "rendered": null,
                    "type": [Function],
                  },
                  "type": [Function],
                },
                Object {
                  "instance": null,
                  "key": undefined,
                  "nodeType": "class",
                  "props": Object {
                    "children": "Tyson Fury",
                    "colour": "#000000",
                  },
                  "ref": null,
                  "rendered": "Tyson Fury",
                  "type": [Function],
                },
              ],
              "type": [Function],
            },
          ],
          "type": [Function],
        },
        "type": [Function],
      },
      "type": [Function],
    },
  ],
  Symbol(enzyme.__options__): Object {
    "adapter": ReactSixteenAdapter {
      "options": Object {
        "enableComponentDidUpdateOnSetState": true,
        "lifecycles": Object {
          "componentDidUpdate": Object {
            "onSetState": true,
          },
          "getDerivedStateFromProps": true,
          "getSnapshotBeforeUpdate": true,
          "setState": Object {
            "skipsComponentDidUpdateOnNullish": true,
          },
        },
      },
    },
  },
}
`;
