// Jest Snapshot v1, https://goo.gl/fbAQLP

exports[`<OptionBar /> renders correctly 1`] = `
ShallowWrapper {
  Symbol(enzyme.__root__): [Circular],
  Symbol(enzyme.__unrendered__): <Unknown
    clickVote={[Function]}
    iconImg="https://www.thesun.co.uk/wp-content/uploads/2018/10/Chevron.png"
    id="thechevron"
    primary="#000000"
    secondary="#ffffff"
    title="The Chevron"
  />,
  Symbol(enzyme.__renderer__): Object {
    "batchedUpdates": [Function],
    "getNode": [Function],
    "render": [Function],
    "simulateError": [Function],
    "simulateEvent": [Function],
    "unmount": [Function],
  },
  Symbol(enzyme.__node__): Object {
    "instance": null,
    "key": undefined,
    "nodeType": "class",
    "props": Object {
      "children": Array [
        <glamorous(div)
          bkgnd="#000000"
        >
          <glamorous(img)
            alt="The Chevron"
            src="https://www.thesun.co.uk/wp-content/uploads/2018/10/Chevron.png"
          />
          <glamorous(glamorous(glamorous.P))>
            The Chevron
          </glamorous(glamorous(glamorous.P))>
        </glamorous(div)>,
        <glamorous(div)
          bkgnd="#ffffff"
        >
          <glamorous(span)>
            <Icon
              iconColour="#ffffff"
              iconName="plus-solo"
              iconSize={20}
            />
          </glamorous(span)>
        </glamorous(div)>,
      ],
      "onClick": [Function],
    },
    "ref": null,
    "rendered": Array [
      Object {
        "instance": null,
        "key": undefined,
        "nodeType": "class",
        "props": Object {
          "bkgnd": "#000000",
          "children": Array [
            <glamorous(img)
              alt="The Chevron"
              src="https://www.thesun.co.uk/wp-content/uploads/2018/10/Chevron.png"
            />,
            <glamorous(glamorous(glamorous.P))>
              The Chevron
            </glamorous(glamorous(glamorous.P))>,
          ],
        },
        "ref": null,
        "rendered": Array [
          Object {
            "instance": null,
            "key": undefined,
            "nodeType": "class",
            "props": Object {
              "alt": "The Chevron",
              "src": "https://www.thesun.co.uk/wp-content/uploads/2018/10/Chevron.png",
            },
            "ref": null,
            "rendered": null,
            "type": [Function],
          },
          Object {
            "instance": null,
            "key": undefined,
            "nodeType": "class",
            "props": Object {
              "children": "The Chevron",
            },
            "ref": null,
            "rendered": "The Chevron",
            "type": [Function],
          },
        ],
        "type": [Function],
      },
      Object {
        "instance": null,
        "key": undefined,
        "nodeType": "class",
        "props": Object {
          "bkgnd": "#ffffff",
          "children": <glamorous(span)>
            <Icon
              iconColour="#ffffff"
              iconName="plus-solo"
              iconSize={20}
            />
          </glamorous(span)>,
        },
        "ref": null,
        "rendered": Object {
          "instance": null,
          "key": undefined,
          "nodeType": "class",
          "props": Object {
            "children": <Icon
              iconColour="#ffffff"
              iconName="plus-solo"
              iconSize={20}
            />,
          },
          "ref": null,
          "rendered": Object {
            "instance": null,
            "key": undefined,
            "nodeType": "function",
            "props": Object {
              "iconColour": "#ffffff",
              "iconName": "plus-solo",
              "iconSize": 20,
            },
            "ref": null,
            "rendered": null,
            "type": [Function],
          },
          "type": [Function],
        },
        "type": [Function],
      },
    ],
    "type": [Function],
  },
  Symbol(enzyme.__nodes__): Array [
    Object {
      "instance": null,
      "key": undefined,
      "nodeType": "class",
      "props": Object {
        "children": Array [
          <glamorous(div)
            bkgnd="#000000"
          >
            <glamorous(img)
              alt="The Chevron"
              src="https://www.thesun.co.uk/wp-content/uploads/2018/10/Chevron.png"
            />
            <glamorous(glamorous(glamorous.P))>
              The Chevron
            </glamorous(glamorous(glamorous.P))>
          </glamorous(div)>,
          <glamorous(div)
            bkgnd="#ffffff"
          >
            <glamorous(span)>
              <Icon
                iconColour="#ffffff"
                iconName="plus-solo"
                iconSize={20}
              />
            </glamorous(span)>
          </glamorous(div)>,
        ],
        "onClick": [Function],
      },
      "ref": null,
      "rendered": Array [
        Object {
          "instance": null,
          "key": undefined,
          "nodeType": "class",
          "props": Object {
            "bkgnd": "#000000",
            "children": Array [
              <glamorous(img)
                alt="The Chevron"
                src="https://www.thesun.co.uk/wp-content/uploads/2018/10/Chevron.png"
              />,
              <glamorous(glamorous(glamorous.P))>
                The Chevron
              </glamorous(glamorous(glamorous.P))>,
            ],
          },
          "ref": null,
          "rendered": Array [
            Object {
              "instance": null,
              "key": undefined,
              "nodeType": "class",
              "props": Object {
                "alt": "The Chevron",
                "src": "https://www.thesun.co.uk/wp-content/uploads/2018/10/Chevron.png",
              },
              "ref": null,
              "rendered": null,
              "type": [Function],
            },
            Object {
              "instance": null,
              "key": undefined,
              "nodeType": "class",
              "props": Object {
                "children": "The Chevron",
              },
              "ref": null,
              "rendered": "The Chevron",
              "type": [Function],
            },
          ],
          "type": [Function],
        },
        Object {
          "instance": null,
          "key": undefined,
          "nodeType": "class",
          "props": Object {
            "bkgnd": "#ffffff",
            "children": <glamorous(span)>
              <Icon
                iconColour="#ffffff"
                iconName="plus-solo"
                iconSize={20}
              />
            </glamorous(span)>,
          },
          "ref": null,
          "rendered": Object {
            "instance": null,
            "key": undefined,
            "nodeType": "class",
            "props": Object {
              "children": <Icon
                iconColour="#ffffff"
                iconName="plus-solo"
                iconSize={20}
              />,
            },
            "ref": null,
            "rendered": Object {
              "instance": null,
              "key": undefined,
              "nodeType": "function",
              "props": Object {
                "iconColour": "#ffffff",
                "iconName": "plus-solo",
                "iconSize": 20,
              },
              "ref": null,
              "rendered": null,
              "type": [Function],
            },
            "type": [Function],
          },
          "type": [Function],
        },
      ],
      "type": [Function],
    },
  ],
  Symbol(enzyme.__options__): Object {
    "adapter": ReactSixteenAdapter {
      "options": Object {
        "enableComponentDidUpdateOnSetState": true,
        "lifecycles": Object {
          "componentDidUpdate": Object {
            "onSetState": true,
          },
          "getDerivedStateFromProps": true,
          "getSnapshotBeforeUpdate": true,
          "setState": Object {
            "skipsComponentDidUpdateOnNullish": true,
          },
        },
      },
    },
  },
}
`;
