// Jest Snapshot v1, https://goo.gl/fbAQLP

exports[`<ProgressBar /> renders correctly 1`] = `
ShallowWrapper {
  Symbol(enzyme.__root__): [Circular],
  Symbol(enzyme.__unrendered__): <Unknown
    currentCardIndex={0}
    options={
      Array [
        Object {
          "copy": "Looks a bit more Bruce Forsyth than Tom Selleck...",
          "iconImg": "https://www.thesun.co.uk/wp-content/uploads/2018/10/Chevron.png",
          "id": "chevron",
          "imageDesktop": "",
          "imageMobile": "https://www.thesun.co.uk/wp-content/uploads/2018/10/handlebar.jpg",
          "title": "The Chevron",
        },
        Object {
          "copy": "Get a grip!",
          "iconImg": "https://www.thesun.co.uk/wp-content/uploads/2018/10/Handlebar.png",
          "id": "handlebar",
          "imageDesktop": "",
          "imageMobile": "",
          "title": "The Handlebar",
        },
        Object {
          "copy": "Hulk Hogan would be proud",
          "iconImg": "https://www.thesun.co.uk/wp-content/uploads/2018/10/Horseshoe.png",
          "id": "horsehoe",
          "imageDesktop": "",
          "imageMobile": "",
          "title": "The Horseshoe",
        },
        Object {
          "copy": "Work it out with this",
          "iconImg": "https://www.thesun.co.uk/wp-content/uploads/2018/10/Pencil.png",
          "id": "pencil",
          "imageDesktop": "",
          "imageMobile": "",
          "title": "The Pencil",
        },
        Object {
          "copy": "Our test results can reveal, you are not the walrus",
          "iconImg": "https://www.thesun.co.uk/wp-content/uploads/2018/10/Walrus.png",
          "id": "walrus",
          "imageDesktop": "",
          "imageMobile": "",
          "title": "The Walrus",
        },
        Object {
          "copy": "Do you Fu Manchoose this one?",
          "iconImg": "https://www.thesun.co.uk/wp-content/uploads/2018/10/FuManchu.png",
          "id": "fumanchu",
          "imageDesktop": "",
          "imageMobile": "",
          "title": "The Fu Manchu",
        },
      ]
    }
  />,
  Symbol(enzyme.__renderer__): Object {
    "batchedUpdates": [Function],
    "getNode": [Function],
    "render": [Function],
    "simulateError": [Function],
    "simulateEvent": [Function],
    "unmount": [Function],
  },
  Symbol(enzyme.__node__): Object {
    "instance": null,
    "key": undefined,
    "nodeType": "class",
    "props": Object {
      "children": Array [
        <glamorous(div)
          viewed={true}
        />,
        <glamorous(div)
          viewed={false}
        />,
        <glamorous(div)
          viewed={false}
        />,
        <glamorous(div)
          viewed={false}
        />,
        <glamorous(div)
          viewed={false}
        />,
        <glamorous(div)
          viewed={false}
        />,
      ],
    },
    "ref": null,
    "rendered": Array [
      Object {
        "instance": null,
        "key": "chevron",
        "nodeType": "class",
        "props": Object {
          "viewed": true,
        },
        "ref": null,
        "rendered": null,
        "type": [Function],
      },
      Object {
        "instance": null,
        "key": "handlebar",
        "nodeType": "class",
        "props": Object {
          "viewed": false,
        },
        "ref": null,
        "rendered": null,
        "type": [Function],
      },
      Object {
        "instance": null,
        "key": "horsehoe",
        "nodeType": "class",
        "props": Object {
          "viewed": false,
        },
        "ref": null,
        "rendered": null,
        "type": [Function],
      },
      Object {
        "instance": null,
        "key": "pencil",
        "nodeType": "class",
        "props": Object {
          "viewed": false,
        },
        "ref": null,
        "rendered": null,
        "type": [Function],
      },
      Object {
        "instance": null,
        "key": "walrus",
        "nodeType": "class",
        "props": Object {
          "viewed": false,
        },
        "ref": null,
        "rendered": null,
        "type": [Function],
      },
      Object {
        "instance": null,
        "key": "fumanchu",
        "nodeType": "class",
        "props": Object {
          "viewed": false,
        },
        "ref": null,
        "rendered": null,
        "type": [Function],
      },
    ],
    "type": [Function],
  },
  Symbol(enzyme.__nodes__): Array [
    Object {
      "instance": null,
      "key": undefined,
      "nodeType": "class",
      "props": Object {
        "children": Array [
          <glamorous(div)
            viewed={true}
          />,
          <glamorous(div)
            viewed={false}
          />,
          <glamorous(div)
            viewed={false}
          />,
          <glamorous(div)
            viewed={false}
          />,
          <glamorous(div)
            viewed={false}
          />,
          <glamorous(div)
            viewed={false}
          />,
        ],
      },
      "ref": null,
      "rendered": Array [
        Object {
          "instance": null,
          "key": "chevron",
          "nodeType": "class",
          "props": Object {
            "viewed": true,
          },
          "ref": null,
          "rendered": null,
          "type": [Function],
        },
        Object {
          "instance": null,
          "key": "handlebar",
          "nodeType": "class",
          "props": Object {
            "viewed": false,
          },
          "ref": null,
          "rendered": null,
          "type": [Function],
        },
        Object {
          "instance": null,
          "key": "horsehoe",
          "nodeType": "class",
          "props": Object {
            "viewed": false,
          },
          "ref": null,
          "rendered": null,
          "type": [Function],
        },
        Object {
          "instance": null,
          "key": "pencil",
          "nodeType": "class",
          "props": Object {
            "viewed": false,
          },
          "ref": null,
          "rendered": null,
          "type": [Function],
        },
        Object {
          "instance": null,
          "key": "walrus",
          "nodeType": "class",
          "props": Object {
            "viewed": false,
          },
          "ref": null,
          "rendered": null,
          "type": [Function],
        },
        Object {
          "instance": null,
          "key": "fumanchu",
          "nodeType": "class",
          "props": Object {
            "viewed": false,
          },
          "ref": null,
          "rendered": null,
          "type": [Function],
        },
      ],
      "type": [Function],
    },
  ],
  Symbol(enzyme.__options__): Object {
    "adapter": ReactSixteenAdapter {
      "options": Object {
        "enableComponentDidUpdateOnSetState": true,
        "lifecycles": Object {
          "componentDidUpdate": Object {
            "onSetState": true,
          },
          "getDerivedStateFromProps": true,
          "getSnapshotBeforeUpdate": true,
          "setState": Object {
            "skipsComponentDidUpdateOnNullish": true,
          },
        },
      },
    },
  },
}
`;
